To: oana.nistor@example.com ## Message: Muzeul Colecțiilor de Artă (7300201) organizează o noua expoziție.
To: maria.ionescu@domain.ro ## Message: Muzeul Colecțiilor de Artă (7300201) organizează o noua expoziție.
To: elena.radu@domain.ro ## Message: Muzeul Memorial "George Călinescu" (7300402) au apărut schimbări în orarul de funcționare
