7300407: Casa Memorială "George și Agatha Bacovia"
7300402: Muzeul Memorial "George Călinescu"
Exception: Data is broken. ## (ADD MUSEUM|7300203|Muzeul Național "George Enescu"|București|BUCUREȘTI)
Exception: Data is broken. ## (ADD MUSEUM|7084102|Muzeul Memorial "Gheorghe Tattarescu"|București|BUCUREȘTI)
7419300: Muzeul Național de Istorie Naturală "Grigore Antipa"
